// Jest Snapshot v1, https://goo.gl/fbAQLP

exports[`the CurrentData function should render correctly 1`] = `[Function]`;
