// Jest Snapshot v1, https://goo.gl/fbAQLP

exports[`the getWeather data fruntion should render correctly 1`] = `[Function]`;
