// Jest Snapshot v1, https://goo.gl/fbAQLP

exports[`the carousel slide function should render correctly 1`] = `[Function]`;
